/workspace/scratch/bd214683c088/decision_brain_observability/.venv/lib/python3.12/site-packages/fastapi/testclient.py:1: StarletteDeprecationWarning: Using `httpx` with `starlette.testclient` is deprecated; install `httpx2` instead.
  from starlette.testclient import TestClient as TestClient  # noqa
test_cycles_rejected (test_consumer.ConsumerTests.test_cycles_rejected) ... ok
test_foreign_caller_not_consumed (test_consumer.ConsumerTests.test_foreign_caller_not_consumed) ... ok
test_network_retry_keeps_version_key_trace (test_consumer.ConsumerTests.test_network_retry_keeps_version_key_trace) ... ok
test_pending_resumes_after_restart (test_consumer.ConsumerTests.test_pending_resumes_after_restart) ... ok
test_poison_request_is_not_retried (test_consumer.ConsumerTests.test_poison_request_is_not_retried) ... ok
test_restart_does_not_duplicate_delivery (test_consumer.ConsumerTests.test_restart_does_not_duplicate_delivery) ... ok
test_retries_bounded (test_consumer.ConsumerTests.test_retries_bounded) ... ok
test_route_change_requires_review (test_consumer.ConsumerTests.test_route_change_requires_review) ... ok
test_all_presets (test_core.CoreChecks.test_all_presets) ... ok
test_distinct_partition_templates (test_core.CoreChecks.test_distinct_partition_templates) ... ok
test_empty_production_metrics_rejected (test_core.CoreChecks.test_empty_production_metrics_rejected) ... ok
test_invalid_artifact_temperature (test_core.CoreChecks.test_invalid_artifact_temperature) ... ok
test_labels_cannot_be_inputs (test_core.CoreChecks.test_labels_cannot_be_inputs) ... ok
test_ordinal_values_ordered (test_core.CoreChecks.test_ordinal_values_ordered) ... ok
test_probability_contract (test_core.CoreChecks.test_probability_contract) ... ok
test_typed_outputs (test_core.CoreChecks.test_typed_outputs) ... ok
test_uncertainty_routes_to_review (test_core.CoreChecks.test_uncertainty_routes_to_review) ... ok
test_utf8_log_and_relative_report_links (test_core.CoreChecks.test_utf8_log_and_relative_report_links) ... ok
test_utf8_subprocess_stream (test_core.CoreChecks.test_utf8_subprocess_stream) ... ok
test_diversity_independence_and_reproducibility (test_data_design.DataDesignChecks.test_diversity_independence_and_reproducibility) ... ok
test_grouped_preparation_and_leak_rejection (test_data_design.DataDesignChecks.test_grouped_preparation_and_leak_rejection) ... ok
test_invalid_uncertainty_fraction (test_data_design.DataDesignChecks.test_invalid_uncertainty_fraction) ... ok
test_reused_wording_rejected (test_data_design.DataDesignChecks.test_reused_wording_rejected) ... ok
test_uncertainty_targets_and_soft_loss (test_data_design.DataDesignChecks.test_uncertainty_targets_and_soft_loss) ... ok
test_active_version_pin (test_gates.GateTests.test_active_version_pin) ... ok
test_audit_tamper_detected (test_gates.GateTests.test_audit_tamper_detected) ... ok
test_auth_and_brain_authorization (test_gates.GateTests.test_auth_and_brain_authorization) ... ok
test_backend_version_race_rejected (test_gates.GateTests.test_backend_version_race_rejected) ... ok
test_catalog_filters_authorized_brains (test_gates.GateTests.test_catalog_filters_authorized_brains) ... ok
test_concurrent_same_key (test_gates.GateTests.test_concurrent_same_key) ... ok
test_contract_drift (test_gates.GateTests.test_contract_drift) ... ok
test_envelope_trace_and_no_pii (test_gates.GateTests.test_envelope_trace_and_no_pii) ... ok
test_event_maps_target_state (test_gates.GateTests.test_event_maps_target_state) ... ok
test_handoff_contract_required_and_idempotent (test_gates.GateTests.test_handoff_contract_required_and_idempotent) ... ok
test_handoff_rejects_pii_extra_and_negative (test_gates.GateTests.test_handoff_rejects_pii_extra_and_negative) ... ok
test_harness_promotion_binds_artifacts (test_gates.GateTests.test_harness_promotion_binds_artifacts) ... ok
test_idempotency_scope_is_per_caller (test_gates.GateTests.test_idempotency_scope_is_per_caller) ... ok
test_idempotency_survives_restart (test_gates.GateTests.test_idempotency_survives_restart) ... ok
test_idempotent_replay_and_conflict (test_gates.GateTests.test_idempotent_replay_and_conflict) ... ok
test_immutable_audit_export_and_metrics (test_gates.GateTests.test_immutable_audit_export_and_metrics) ... ok
test_invalid_probabilities (test_gates.GateTests.test_invalid_probabilities) ... ok
test_invalid_response_never_becomes_fallback (test_gates.GateTests.test_invalid_response_never_becomes_fallback) ... ok
test_low_confidence_keeps_safe_interop (test_gates.GateTests.test_low_confidence_keeps_safe_interop) ... ok
test_observer_marks_failed_quality_red (test_gates.GateTests.test_observer_marks_failed_quality_red) ... ok
test_pending_after_crash_not_reexecuted (test_gates.GateTests.test_pending_after_crash_not_reexecuted) ... ok
test_per_brain_size_limit (test_gates.GateTests.test_per_brain_size_limit) ... ok
test_production_rechecks_quality_at_activation (test_gates.GateTests.test_production_rechecks_quality_at_activation) ... ok
test_schema_size_and_version (test_gates.GateTests.test_schema_size_and_version) ... ok
test_streamed_body_limit (test_gates.GateTests.test_streamed_body_limit) ... ok
test_tls_required (test_gates.GateTests.test_tls_required) ... ok
test_trace_required (test_gates.GateTests.test_trace_required) ... ok
test_typed_state_and_duplicate_json (test_gates.GateTests.test_typed_state_and_duplicate_json) ... ok
test_wrong_response_correlation (test_gates.GateTests.test_wrong_response_correlation) ... ok
test_decisions_and_rejection (test_harness.HarnessChecks.test_decisions_and_rejection) ... ok
test_invalid_probabilities_error (test_harness.HarnessChecks.test_invalid_probabilities_error) ... ok
test_invalid_suite (test_harness.HarnessChecks.test_invalid_suite) ... ok
test_report_and_regression (test_harness.HarnessChecks.test_report_and_regression) ... ok
test_wrong_action_fails (test_harness.HarnessChecks.test_wrong_action_fails) ... ok
test_check_only (test_launch.LaunchChecks.test_check_only) ... [1/3] Ejecutando pruebas del servicio, harness y configuración…

Pruebas del software aprobadas
INFORME: /workspace/scratch/bd214683c088/decision_brain_sdk/tmpim3pwbwh/runs/session_20260925_224319_afefa8ae/index.html
Acceso permanente: /workspace/scratch/bd214683c088/decision_brain_sdk/tmpim3pwbwh/runs/latest.html
ok
test_model_failure_keeps_reports (test_launch.LaunchChecks.test_model_failure_keeps_reports) ... [1/3] Ejecutando pruebas del servicio, harness y configuración…
[2/3] Entrenando y generando el informe del modelo…
[3/3] Evaluando decisiones con el harness…

Ejecución completada: hay decisiones que no cumplen los criterios
INFORME: /workspace/scratch/bd214683c088/decision_brain_sdk/tmpsh7ogizw/runs/session_20260925_224319_ce84e426/index.html
Acceso permanente: /workspace/scratch/bd214683c088/decision_brain_sdk/tmpsh7ogizw/runs/latest.html
ok
test_repeated_runs_do_not_collide (test_launch.LaunchChecks.test_repeated_runs_do_not_collide) ... [1/3] Ejecutando pruebas del servicio, harness y configuración…

Pruebas del software aprobadas
INFORME: /workspace/scratch/bd214683c088/decision_brain_sdk/tmphbewt321/runs/session_20260925_224319_299687c3/index.html
Acceso permanente: /workspace/scratch/bd214683c088/decision_brain_sdk/tmphbewt321/runs/latest.html
[1/3] Ejecutando pruebas del servicio, harness y configuración…

Pruebas del software aprobadas
INFORME: /workspace/scratch/bd214683c088/decision_brain_sdk/tmphbewt321/runs/session_20260925_224319_462cbd94/index.html
Acceso permanente: /workspace/scratch/bd214683c088/decision_brain_sdk/tmphbewt321/runs/latest.html
ok
test_software_failure_stops_training (test_launch.LaunchChecks.test_software_failure_stops_training) ... [1/3] Ejecutando pruebas del servicio, harness y configuración…
test log

Fallaron las pruebas del software. Consulta el registro.
INFORME: /workspace/scratch/bd214683c088/decision_brain_sdk/tmpzx9o4u37/runs/session_20260925_224319_778f3690/index.html
Acceso permanente: /workspace/scratch/bd214683c088/decision_brain_sdk/tmpzx9o4u37/runs/latest.html
ok
test_success (test_launch.LaunchChecks.test_success) ... [1/3] Ejecutando pruebas del servicio, harness y configuración…
[2/3] Entrenando y generando el informe del modelo…
[3/3] Evaluando decisiones con el harness…

Ejecución completada: el modelo cumple los criterios del harness
INFORME: /workspace/scratch/bd214683c088/decision_brain_sdk/tmpgji6o5ec/runs/session_20260925_224319_d96eda97/index.html
Acceso permanente: /workspace/scratch/bd214683c088/decision_brain_sdk/tmpgji6o5ec/runs/latest.html
ok
test_empty_dashboard_is_not_fake_green (test_observability.ObservabilityTests.test_empty_dashboard_is_not_fake_green) ... ok
test_otlp_http_protobuf_export (test_observability.ObservabilityTests.test_otlp_http_protobuf_export) ... ok
test_server_error_marks_span_without_recording_payload (test_observability.ObservabilityTests.test_server_error_marks_span_without_recording_payload) ... ok
test_trace_id_validated (test_observability.ObservabilityTests.test_trace_id_validated) ... ok
test_unsampled_parent_respected (test_observability.ObservabilityTests.test_unsampled_parent_respected) ... ok
test_w3c_parent_child_propagation_and_redaction (test_observability.ObservabilityTests.test_w3c_parent_child_propagation_and_redaction) ... ok
test_web_shell_assets_and_protected_data (test_observability.ObservabilityTests.test_web_shell_assets_and_protected_data) ... ok
test_different_projects_rejected (test_operations.OperationTests.test_different_projects_rejected) ... ok
test_launchd_definition_contains_no_secrets (test_operations.OperationTests.test_launchd_definition_contains_no_secrets) ... ok
test_projects_root_typo_rejected (test_operations.OperationTests.test_projects_root_typo_rejected) ... ok
test_restart_reuses_configuration (test_operations.OperationTests.test_restart_reuses_configuration) ... ok
test_boolean_contract_stays_unchanged (test_primitives.PrimitiveChecks.test_boolean_contract_stays_unchanged) ... ok
test_choice_confidence_is_not_max_probability (test_primitives.PrimitiveChecks.test_choice_confidence_is_not_max_probability) ... ok
test_gate_checks_all_typed_values (test_primitives.PrimitiveChecks.test_gate_checks_all_typed_values) ... ok
test_generated_schema_declares_typed_fields (test_primitives.PrimitiveChecks.test_generated_schema_declares_typed_fields) ... ok
test_harness_numeric_ranges (test_primitives.PrimitiveChecks.test_harness_numeric_ranges) ... ok
test_metrics_use_binary_brier_and_continuous_score_error (test_primitives.PrimitiveChecks.test_metrics_use_binary_brier_and_continuous_score_error) ... ok
test_noul_extremes_and_ambiguity (test_primitives.PrimitiveChecks.test_noul_extremes_and_ambiguity) ... ok
test_noul_rejects_nonbinary_contract (test_primitives.PrimitiveChecks.test_noul_rejects_nonbinary_contract) ... ok
test_score_fractional_and_custom_value_compatibility (test_primitives.PrimitiveChecks.test_score_fractional_and_custom_value_compatibility) ... ok
test_sdk_roundtrip_and_rejects_corruption (test_primitives.PrimitiveChecks.test_sdk_roundtrip_and_rejects_corruption) ... ok
test_training_reload_metrics_and_html (test_primitives.PrimitiveChecks.test_training_reload_metrics_and_html) ...   epoch=1 train_loss=0.79949 validation_loss=0.88521
  epoch=2 train_loss=0.64361 validation_loss=0.81777
propuesta=0 validation_loss=0.817774 accepted=True
FUNCTIONAL TEST PASSED; test_loss=0.770362
clasificacion [choice]: exactitud=76.7%; referencia=40.0%; loss=0.84207
  categorical_cross_entropy=0.84207; brier=0.49152
atencion_prioritaria [noul]: exactitud=63.3%; referencia=50.0%; loss=0.64178
  binary_cross_entropy=0.64178; brier=0.22529
nivel [score]: exactitud=83.3%; referencia=33.3%; loss=0.82724
  categorical_cross_entropy=0.82724; brier=0.47663; score_MAE=0.58214
Informe interpretado: /workspace/scratch/bd214683c088/decision_brain_sdk/tmpvjdmpuzr/run/report.html
ok
test_event_preparation (test_sdk.SDKTests.test_event_preparation) ... ok
test_http_errors_typed_and_private (test_sdk.SDKTests.test_http_errors_typed_and_private) ... ok
test_invalid_input_before_network (test_sdk.SDKTests.test_invalid_input_before_network) ... ok
test_observer_delivery_filter (test_sdk.SDKTests.test_observer_delivery_filter) ... ok
test_preparation_freezes_context_version_key_trace (test_sdk.SDKTests.test_preparation_freezes_context_version_key_trace) ... ok
test_remote_http_and_credentials_in_url_rejected (test_sdk.SDKTests.test_remote_http_and_credentials_in_url_rejected) ... ok
test_replay_preserves_original_trace (test_sdk.SDKTests.test_replay_preserves_original_trace) ... ok
test_response_probabilities_validated (test_sdk.SDKTests.test_response_probabilities_validated) ... ok
test_timeout_not_retried_or_leaked (test_sdk.SDKTests.test_timeout_not_retried_or_leaked) ... ok
test_typed_prediction_and_prefix (test_sdk.SDKTests.test_typed_prediction_and_prefix) ... ok
test_auth_and_prediction (test_service.ServiceTests.test_auth_and_prediction) ... {"request_id": "3f9213120f2c41d4b17c70c032fed6fb", "event": "http_request", "status": 200, "brain_id": "local.brain", "trace_id": "00000000000000000000000000000000", "span": "predict", "duration_ms": 0.54}
{"request_id": "6ddab5e24a474cc6858d76ba9417c15f", "event": "http_request", "status": 200, "brain_id": "local.brain", "trace_id": "00000000000000000000000000000000", "span": "predict", "duration_ms": 3.48}
{"event": "request_rejected", "request_id": "c5eabdd5a7574bf3930467ed8145cdbd", "status": 401, "reason": "authentication_required"}
{"event": "decision", "brain_id": "local.brain", "span": "judge", "trace_id": "f71a7187ff2207d93324ff4cfa7b5f29", "request_id": "b74f428552434a3e91ecd287802fc628", "model_version": "v1", "needs_review": true}
{"request_id": "b74f428552434a3e91ecd287802fc628", "event": "http_request", "status": 200, "brain_id": "local.brain", "trace_id": "f71a7187ff2207d93324ff4cfa7b5f29", "span": "predict", "duration_ms": 2.29}
{"request_id": "5b3b982cc22a4d9d94ccdfb9da3b66b4", "event": "http_request", "status": 200, "brain_id": "local.brain", "trace_id": "c5a4a55d1595a633c8ea2019e8cfd556", "span": "predict", "duration_ms": 0.18}
ok
test_concurrency_limit (test_service.ServiceTests.test_concurrency_limit) ... {"request_id": "0fb04deea7354446ab41e8997b947b2a", "event": "http_request", "status": 503, "brain_id": "local.brain", "trace_id": "dacd4c9b761927d8724d1d1c93bc9b0e", "span": "predict", "duration_ms": 51.13}
{"request_id": "ba97e816c01945eb80a41620c0663c98", "event": "http_request", "status": 503, "brain_id": "local.brain", "trace_id": "0dad01e404124b145fb3ce26a7c6d5b9", "span": "predict", "duration_ms": 51.44}
{"event": "decision", "brain_id": "local.brain", "span": "judge", "trace_id": "69f66b7f1b64fa9ee1dc33bb4bcf24b8", "request_id": "e54a0c5275d04ee6a00d1cf49eac5985", "model_version": "v1", "needs_review": true}
{"request_id": "e54a0c5275d04ee6a00d1cf49eac5985", "event": "http_request", "status": 200, "brain_id": "local.brain", "trace_id": "69f66b7f1b64fa9ee1dc33bb4bcf24b8", "span": "predict", "duration_ms": 207.91}
ok
test_gate_threshold_logic (test_service.ServiceTests.test_gate_threshold_logic) ... ok
test_hot_activation_and_rollback (test_service.ServiceTests.test_hot_activation_and_rollback) ... {"request_id": "cd2844780274464cb19226a828ecafc5", "event": "http_request", "status": 200, "brain_id": "local.brain", "trace_id": "fb025916ce5eb7fd7ea680248a8fc94f", "span": "predict", "duration_ms": 3.95}
{"request_id": "24d7b575e2e647b3af6b8f21c23fc76e", "event": "http_request", "status": 200, "brain_id": "local.brain", "trace_id": "d8235d6ece670ea6a570ce3938a1f7f8", "span": "predict", "duration_ms": 3.77}
{"request_id": "bd00a12531a54b3bb431684913c5d6e3", "event": "http_request", "status": 200, "brain_id": "local.brain", "trace_id": "d138d1530d04357c8b42be9433086404", "span": "predict", "duration_ms": 3.24}
ok
test_immutable_release (test_service.ServiceTests.test_immutable_release) ... ok
test_integrity_failure (test_service.ServiceTests.test_integrity_failure) ... {"request_id": "0f561aff021e41e9984843d80a025441", "event": "http_request", "status": 503, "brain_id": "local.brain", "trace_id": "00000000000000000000000000000000", "span": "predict", "duration_ms": 1.16}
ok
test_invalid_and_oversized (test_service.ServiceTests.test_invalid_and_oversized) ... {"request_id": "8eae2e496549492195d0b1a932799070", "event": "http_request", "status": 422, "brain_id": "local.brain", "trace_id": "2ec94c8f7e708f83d774d733fa924222", "span": "predict", "duration_ms": 4.3}
{"event": "request_rejected", "request_id": "f0cc6d891f7643e2a80f7e6b2e7e0471", "status": 413, "reason": "body_too_large"}
ok
test_rate_limit (test_service.ServiceTests.test_rate_limit) ... {"request_id": "198e8f8457f441f8a0c35ea464a16bbf", "event": "http_request", "status": 200, "brain_id": "local.brain", "trace_id": "84398915d291464aa2a0dbbf75c7ee87", "span": "predict", "duration_ms": 3.7}
{"event": "request_rejected", "request_id": "587496853a0541508e48458c22fc1d5e", "status": 429, "reason": "rate_limit"}
ok
test_streamed_body_limit (test_service.ServiceTests.test_streamed_body_limit) ... {"event": "request_rejected", "request_id": "e02ee59831074d29834b836bca7d41e5", "status": 413, "reason": "body_too_large"}
ok
test_synthetic_production_rejected (test_service.ServiceTests.test_synthetic_production_rejected) ... {"request_id": "0221371114d84e3a9638b32c567f9f5f", "event": "http_request", "status": 503, "brain_id": "local.brain", "trace_id": "00000000000000000000000000000000", "span": "predict", "duration_ms": 0.75}
ok
test_weak_key_rejected (test_service.ServiceTests.test_weak_key_rejected) ... ok
test_cli_override (test_toml.TomlChecks.test_cli_override) ... ok
test_explicit_missing_error (test_toml.TomlChecks.test_explicit_missing_error) ... HARNESS ERROR: [Errno 2] No such file or directory: '/workspace/scratch/bd214683c088/decision_brain_sdk/missing-configuration.toml'
ok
test_reject_invalid (test_toml.TomlChecks.test_reject_invalid) ... ok
test_relative_paths (test_toml.TomlChecks.test_relative_paths) ... ok
test_symlinked_project_directory (test_toml.TomlChecks.test_symlinked_project_directory) ... ok

----------------------------------------------------------------------
Ran 111 tests in 7.915s

OK
ok
HTML: /workspace/scratch/bd214683c088/decision_brain_sdk/tmp0uyx2z26/report/report.html
ok
HTML: /workspace/scratch/bd214683c088/decision_brain_sdk/tmpxjn7gck7/real/report/report.html
