/workspace/scratch/bd214683c088/decision_brain_observability/.venv/lib/python3.12/site-packages/fastapi/testclient.py:1: StarletteDeprecationWarning: Using `httpx` with `starlette.testclient` is deprecated; install `httpx2` instead.
  from starlette.testclient import TestClient as TestClient  # noqa
test_cycles_rejected (test_consumer.ConsumerTests.test_cycles_rejected) ... ok
test_foreign_caller_not_consumed (test_consumer.ConsumerTests.test_foreign_caller_not_consumed) ... ok
test_network_retry_keeps_version_key_trace (test_consumer.ConsumerTests.test_network_retry_keeps_version_key_trace) ... ok
test_pending_resumes_after_restart (test_consumer.ConsumerTests.test_pending_resumes_after_restart) ... ok
test_poison_request_is_not_retried (test_consumer.ConsumerTests.test_poison_request_is_not_retried) ... ok
test_restart_does_not_duplicate_delivery (test_consumer.ConsumerTests.test_restart_does_not_duplicate_delivery) ... ok
test_retries_bounded (test_consumer.ConsumerTests.test_retries_bounded) ... ok
test_route_change_requires_review (test_consumer.ConsumerTests.test_route_change_requires_review) ... ok
test_all_presets (test_core.CoreChecks.test_all_presets) ... ok
test_distinct_partition_templates (test_core.CoreChecks.test_distinct_partition_templates) ... ok
test_empty_production_metrics_rejected (test_core.CoreChecks.test_empty_production_metrics_rejected) ... ok
test_invalid_artifact_temperature (test_core.CoreChecks.test_invalid_artifact_temperature) ... ok
test_labels_cannot_be_inputs (test_core.CoreChecks.test_labels_cannot_be_inputs) ... ok
test_ordinal_values_ordered (test_core.CoreChecks.test_ordinal_values_ordered) ... ok
test_probability_contract (test_core.CoreChecks.test_probability_contract) ... ok
test_typed_outputs (test_core.CoreChecks.test_typed_outputs) ... ok
test_uncertainty_routes_to_review (test_core.CoreChecks.test_uncertainty_routes_to_review) ... ok
test_utf8_log_and_relative_report_links (test_core.CoreChecks.test_utf8_log_and_relative_report_links) ... ok
test_utf8_subprocess_stream (test_core.CoreChecks.test_utf8_subprocess_stream) ... ok
test_active_version_pin (test_gates.GateTests.test_active_version_pin) ... ok
test_audit_tamper_detected (test_gates.GateTests.test_audit_tamper_detected) ... ok
test_auth_and_brain_authorization (test_gates.GateTests.test_auth_and_brain_authorization) ... ok
test_backend_version_race_rejected (test_gates.GateTests.test_backend_version_race_rejected) ... ok
test_catalog_filters_authorized_brains (test_gates.GateTests.test_catalog_filters_authorized_brains) ... ok
test_concurrent_same_key (test_gates.GateTests.test_concurrent_same_key) ... ok
test_contract_drift (test_gates.GateTests.test_contract_drift) ... ok
test_envelope_trace_and_no_pii (test_gates.GateTests.test_envelope_trace_and_no_pii) ... ok
test_event_maps_target_state (test_gates.GateTests.test_event_maps_target_state) ... ok
test_handoff_contract_required_and_idempotent (test_gates.GateTests.test_handoff_contract_required_and_idempotent) ... ok
test_handoff_rejects_pii_extra_and_negative (test_gates.GateTests.test_handoff_rejects_pii_extra_and_negative) ... ok
test_harness_promotion_binds_artifacts (test_gates.GateTests.test_harness_promotion_binds_artifacts) ... ok
test_idempotency_scope_is_per_caller (test_gates.GateTests.test_idempotency_scope_is_per_caller) ... ok
test_idempotency_survives_restart (test_gates.GateTests.test_idempotency_survives_restart) ... ok
test_idempotent_replay_and_conflict (test_gates.GateTests.test_idempotent_replay_and_conflict) ... ok
test_immutable_audit_export_and_metrics (test_gates.GateTests.test_immutable_audit_export_and_metrics) ... ok
test_invalid_probabilities (test_gates.GateTests.test_invalid_probabilities) ... ok
test_invalid_response_never_becomes_fallback (test_gates.GateTests.test_invalid_response_never_becomes_fallback) ... ok
test_low_confidence_keeps_safe_interop (test_gates.GateTests.test_low_confidence_keeps_safe_interop) ... ok
test_observer_marks_failed_quality_red (test_gates.GateTests.test_observer_marks_failed_quality_red) ... ok
test_pending_after_crash_not_reexecuted (test_gates.GateTests.test_pending_after_crash_not_reexecuted) ... ok
test_per_brain_size_limit (test_gates.GateTests.test_per_brain_size_limit) ... ok
test_production_rechecks_quality_at_activation (test_gates.GateTests.test_production_rechecks_quality_at_activation) ... ok
test_schema_size_and_version (test_gates.GateTests.test_schema_size_and_version) ... ok
test_streamed_body_limit (test_gates.GateTests.test_streamed_body_limit) ... ok
test_tls_required (test_gates.GateTests.test_tls_required) ... ok
test_trace_required (test_gates.GateTests.test_trace_required) ... ok
test_typed_state_and_duplicate_json (test_gates.GateTests.test_typed_state_and_duplicate_json) ... ok
test_wrong_response_correlation (test_gates.GateTests.test_wrong_response_correlation) ... ok
test_decisions_and_rejection (test_harness.HarnessChecks.test_decisions_and_rejection) ... ok
test_invalid_probabilities_error (test_harness.HarnessChecks.test_invalid_probabilities_error) ... ok
test_invalid_suite (test_harness.HarnessChecks.test_invalid_suite) ... ok
test_report_and_regression (test_harness.HarnessChecks.test_report_and_regression) ... ok
test_wrong_action_fails (test_harness.HarnessChecks.test_wrong_action_fails) ... ok
test_check_only (test_launch.LaunchChecks.test_check_only) ... [1/3] Ejecutando pruebas del servicio, harness y configuración…

Pruebas del software aprobadas
INFORME: /workspace/scratch/bd214683c088/tmpuqxnoya9/runs/session_20260925_201335_c6eb6131/index.html
Acceso permanente: /workspace/scratch/bd214683c088/tmpuqxnoya9/runs/latest.html
ok
test_model_failure_keeps_reports (test_launch.LaunchChecks.test_model_failure_keeps_reports) ... [1/3] Ejecutando pruebas del servicio, harness y configuración…
[2/3] Entrenando y generando el informe del modelo…
[3/3] Evaluando decisiones con el harness…

Ejecución completada: hay decisiones que no cumplen los criterios
INFORME: /workspace/scratch/bd214683c088/tmpmomu4wlr/runs/session_20260925_201335_ef81498b/index.html
Acceso permanente: /workspace/scratch/bd214683c088/tmpmomu4wlr/runs/latest.html
ok
test_repeated_runs_do_not_collide (test_launch.LaunchChecks.test_repeated_runs_do_not_collide) ... [1/3] Ejecutando pruebas del servicio, harness y configuración…

Pruebas del software aprobadas
INFORME: /workspace/scratch/bd214683c088/tmp7izer6ac/runs/session_20260925_201335_83f65993/index.html
Acceso permanente: /workspace/scratch/bd214683c088/tmp7izer6ac/runs/latest.html
[1/3] Ejecutando pruebas del servicio, harness y configuración…

Pruebas del software aprobadas
INFORME: /workspace/scratch/bd214683c088/tmp7izer6ac/runs/session_20260925_201335_91a4ef9a/index.html
Acceso permanente: /workspace/scratch/bd214683c088/tmp7izer6ac/runs/latest.html
ok
test_software_failure_stops_training (test_launch.LaunchChecks.test_software_failure_stops_training) ... [1/3] Ejecutando pruebas del servicio, harness y configuración…
test log

Fallaron las pruebas del software. Consulta el registro.
INFORME: /workspace/scratch/bd214683c088/tmpqx2hojtg/runs/session_20260925_201335_6d182dbf/index.html
Acceso permanente: /workspace/scratch/bd214683c088/tmpqx2hojtg/runs/latest.html
ok
test_success (test_launch.LaunchChecks.test_success) ... [1/3] Ejecutando pruebas del servicio, harness y configuración…
[2/3] Entrenando y generando el informe del modelo…
[3/3] Evaluando decisiones con el harness…

Ejecución completada: el modelo cumple los criterios del harness
INFORME: /workspace/scratch/bd214683c088/tmpzp6ec58g/runs/session_20260925_201335_7ae47aa7/index.html
Acceso permanente: /workspace/scratch/bd214683c088/tmpzp6ec58g/runs/latest.html
ok
test_empty_dashboard_is_not_fake_green (test_observability.ObservabilityTests.test_empty_dashboard_is_not_fake_green) ... ok
test_otlp_http_protobuf_export (test_observability.ObservabilityTests.test_otlp_http_protobuf_export) ... ok
test_server_error_marks_span_without_recording_payload (test_observability.ObservabilityTests.test_server_error_marks_span_without_recording_payload) ... ok
test_trace_id_validated (test_observability.ObservabilityTests.test_trace_id_validated) ... ok
test_unsampled_parent_respected (test_observability.ObservabilityTests.test_unsampled_parent_respected) ... ok
test_w3c_parent_child_propagation_and_redaction (test_observability.ObservabilityTests.test_w3c_parent_child_propagation_and_redaction) ... ok
test_web_shell_assets_and_protected_data (test_observability.ObservabilityTests.test_web_shell_assets_and_protected_data) ... ok
test_different_projects_rejected (test_operations.OperationTests.test_different_projects_rejected) ... ok
test_launchd_definition_contains_no_secrets (test_operations.OperationTests.test_launchd_definition_contains_no_secrets) ... ok
test_projects_root_typo_rejected (test_operations.OperationTests.test_projects_root_typo_rejected) ... ok
test_restart_reuses_configuration (test_operations.OperationTests.test_restart_reuses_configuration) ... ok
test_event_preparation (test_sdk.SDKTests.test_event_preparation) ... ok
test_http_errors_typed_and_private (test_sdk.SDKTests.test_http_errors_typed_and_private) ... ok
test_invalid_input_before_network (test_sdk.SDKTests.test_invalid_input_before_network) ... ok
test_observer_delivery_filter (test_sdk.SDKTests.test_observer_delivery_filter) ... ok
test_preparation_freezes_context_version_key_trace (test_sdk.SDKTests.test_preparation_freezes_context_version_key_trace) ... ok
test_remote_http_and_credentials_in_url_rejected (test_sdk.SDKTests.test_remote_http_and_credentials_in_url_rejected) ... ok
test_replay_preserves_original_trace (test_sdk.SDKTests.test_replay_preserves_original_trace) ... ok
test_response_probabilities_validated (test_sdk.SDKTests.test_response_probabilities_validated) ... ok
test_timeout_not_retried_or_leaked (test_sdk.SDKTests.test_timeout_not_retried_or_leaked) ... ok
test_typed_prediction_and_prefix (test_sdk.SDKTests.test_typed_prediction_and_prefix) ... ok
test_auth_and_prediction (test_service.ServiceTests.test_auth_and_prediction) ... {"request_id": "830b3a571e3f4eeab356441ac7b4d1d3", "event": "http_request", "status": 200, "brain_id": "local.brain", "trace_id": "00000000000000000000000000000000", "span": "predict", "duration_ms": 0.56}
{"request_id": "128790b8e06e4a05a702993529c2f397", "event": "http_request", "status": 200, "brain_id": "local.brain", "trace_id": "00000000000000000000000000000000", "span": "predict", "duration_ms": 3.67}
{"event": "request_rejected", "request_id": "e4f504227a5c4d6e8bd33230002f5c54", "status": 401, "reason": "authentication_required"}
{"event": "decision", "brain_id": "local.brain", "span": "judge", "trace_id": "959820ecab0677a016ae0b75049a8f8a", "request_id": "b5aa342612774d86aae639f22c35e492", "model_version": "v1", "needs_review": false}
{"request_id": "b5aa342612774d86aae639f22c35e492", "event": "http_request", "status": 200, "brain_id": "local.brain", "trace_id": "959820ecab0677a016ae0b75049a8f8a", "span": "predict", "duration_ms": 2.27}
{"request_id": "d46b6b2500944f48bf5bff9ec6f3b7bf", "event": "http_request", "status": 200, "brain_id": "local.brain", "trace_id": "a25d9017184835642e01ca1ab9f3cfe8", "span": "predict", "duration_ms": 0.19}
ok
test_concurrency_limit (test_service.ServiceTests.test_concurrency_limit) ... {"request_id": "0c2ecbc9409f4ddc9a36644dc1ab5aec", "event": "http_request", "status": 503, "brain_id": "local.brain", "trace_id": "33d99fc540109a6a357de57179c91ec6", "span": "predict", "duration_ms": 51.02}
{"request_id": "6a74a68e52c249fa89c2f4fe1b79cb5c", "event": "http_request", "status": 503, "brain_id": "local.brain", "trace_id": "2167bf6485311fa5f48076d767c98572", "span": "predict", "duration_ms": 51.38}
{"event": "decision", "brain_id": "local.brain", "span": "judge", "trace_id": "aa973e18aac6d9cede60d6b7e2abb452", "request_id": "c502516ae293431389b8777ff1e74355", "model_version": "v1", "needs_review": false}
{"request_id": "c502516ae293431389b8777ff1e74355", "event": "http_request", "status": 200, "brain_id": "local.brain", "trace_id": "aa973e18aac6d9cede60d6b7e2abb452", "span": "predict", "duration_ms": 206.1}
ok
test_gate_threshold_logic (test_service.ServiceTests.test_gate_threshold_logic) ... ok
test_hot_activation_and_rollback (test_service.ServiceTests.test_hot_activation_and_rollback) ... {"request_id": "aea714665deb4cc6ba9f3274f432f006", "event": "http_request", "status": 200, "brain_id": "local.brain", "trace_id": "8bd8f6d5fc6b5304bbaabbd8a4161ca0", "span": "predict", "duration_ms": 3.86}
{"request_id": "a0d70f7790ff4814b8068cdaad73afa4", "event": "http_request", "status": 200, "brain_id": "local.brain", "trace_id": "370557ac8ea3340a8ac61730d1a4bf43", "span": "predict", "duration_ms": 2.85}
{"request_id": "41d3d981e69d41b9b9233b4f109a93b6", "event": "http_request", "status": 200, "brain_id": "local.brain", "trace_id": "fbb05257ec81dc73398fde2f5fc72da5", "span": "predict", "duration_ms": 2.69}
ok
test_immutable_release (test_service.ServiceTests.test_immutable_release) ... ok
test_integrity_failure (test_service.ServiceTests.test_integrity_failure) ... {"request_id": "40cbb7ece0fc4f1fa223bd51fd361696", "event": "http_request", "status": 503, "brain_id": "local.brain", "trace_id": "00000000000000000000000000000000", "span": "predict", "duration_ms": 0.84}
ok
test_invalid_and_oversized (test_service.ServiceTests.test_invalid_and_oversized) ... {"request_id": "340e9d9b2fa941aab57faeb127d6913b", "event": "http_request", "status": 422, "brain_id": "local.brain", "trace_id": "115268650d831a0782079cabca01b844", "span": "predict", "duration_ms": 3.48}
{"event": "request_rejected", "request_id": "f40cc24539374580817bcc5f1cac4d07", "status": 413, "reason": "body_too_large"}
ok
test_rate_limit (test_service.ServiceTests.test_rate_limit) ... {"request_id": "6ef34c36534045bc97ad74907d9bb893", "event": "http_request", "status": 200, "brain_id": "local.brain", "trace_id": "7c857dc82c06ff3990d54d21d154c518", "span": "predict", "duration_ms": 3.06}
{"event": "request_rejected", "request_id": "433d58c9f02044c68bdd1b62b7b4c868", "status": 429, "reason": "rate_limit"}
ok
test_streamed_body_limit (test_service.ServiceTests.test_streamed_body_limit) ... {"event": "request_rejected", "request_id": "33754ef2fec84ef681f4058c5d00fd97", "status": 413, "reason": "body_too_large"}
ok
test_synthetic_production_rejected (test_service.ServiceTests.test_synthetic_production_rejected) ... {"request_id": "cd5d0e9d17f4424c925008ccb324a339", "event": "http_request", "status": 503, "brain_id": "local.brain", "trace_id": "00000000000000000000000000000000", "span": "predict", "duration_ms": 0.57}
ok
test_weak_key_rejected (test_service.ServiceTests.test_weak_key_rejected) ... ok
test_cli_override (test_toml.TomlChecks.test_cli_override) ... ok
test_explicit_missing_error (test_toml.TomlChecks.test_explicit_missing_error) ... HARNESS ERROR: [Errno 2] No such file or directory: '/workspace/scratch/bd214683c088/missing-configuration.toml'
ok
test_reject_invalid (test_toml.TomlChecks.test_reject_invalid) ... ok
test_relative_paths (test_toml.TomlChecks.test_relative_paths) ... ok
test_symlinked_project_directory (test_toml.TomlChecks.test_symlinked_project_directory) ... ok

----------------------------------------------------------------------
Ran 95 tests in 5.969s

OK
ok
HTML: /workspace/scratch/bd214683c088/tmpyj53ouyf/report/report.html
ok
HTML: /workspace/scratch/bd214683c088/tmpkygee3kt/real/report/report.html
